###############################################################################
#                                                                             #
# IAR C/C++ Compiler V8.10.3.10338/W32 for 8051         23/Aug/2017  15:02:09 #
# Copyright 2004-2011 IAR Systems AB.                                         #
#                                                                             #
#    Core               =  plain                                              #
#    Code model         =  banked                                             #
#    Data model         =  large                                              #
#    Calling convention =  xdata reentrant                                    #
#    Constant location  =  data_rom                                           #
#    Dptr setup         =  1,16                                               #
#    Source file        =  F:\Download\µÚ5ÕÂ zigbeeĞ­ÒéÕ»Ó¦ÓÃÓë×éÍø\3.»ùÓÚGen #
#                          ericAppÎŞÏßÊÕ·¢ÊµÑé\Projects\zstack\Samples\Generi #
#                          cApp\Source\uart.c                                 #
#    Command line       =  -f "F:\Download\µÚ5ÕÂ zigbeeĞ­ÒéÕ»Ó¦ÓÃÓë×éÍø\3.»ùÓ #
#                          ÚGenericAppÎŞÏßÊÕ·¢ÊµÑé\Projects\zstack\Samples\Ge #
#                          nericApp\CC2530DB\..\..\..\Tools\CC2530DB\f8wCoord #
#                          .cfg" (-DCPU32MHZ -DROOT=__near_func               #
#                          -DMAC_CFG_APP_PENDING_QUEUE=TRUE                   #
#                          -DZDO_COORDINATOR -DRTR_NWK -DBLINK_LEDS) -f       #
#                          "F:\Download\µÚ5ÕÂ zigbeeĞ­ÒéÕ»Ó¦ÓÃÓë×éÍø\3.»ùÓÚGe #
#                          nericAppÎŞÏßÊÕ·¢ÊµÑé\Projects\zstack\Samples\Gener #
#                          icApp\CC2530DB\..\..\..\Tools\CC2530DB\f8wConfig.c #
#                          fg" (-DSECURE=0 -DZG_SECURE_DYNAMIC=0 -DREFLECTOR  #
#                          -DDEFAULT_CHANLIST=0x00000800                      #
#                          -DZDAPP_CONFIG_PAN_ID=0xFFFF                       #
#                          -DNWK_START_DELAY=100 -DEXTENDED_JOINING_RANDOM_MA #
#                          SK=0x007F -DBEACON_REQUEST_DELAY=100               #
#                          -DBEACON_REQ_DELAY_MASK=0x00FF                     #
#                          -DROUTE_EXPIRY_TIME=30 -DAPSC_ACK_WAIT_DURATION_PO #
#                          LLED=3000 -DNWK_INDIRECT_MSG_TIMEOUT=7             #
#                          -DMAX_RREQ_ENTRIES=8 -DAPSC_MAX_FRAME_RETRIES=3    #
#                          -DNWK_MAX_DATA_RETRIES=2                           #
#                          -DMAX_POLL_FAILURE_RETRIES=2 -DMAX_BCAST=9         #
#                          -DAPS_MAX_GROUPS=16 -DMAX_RTG_ENTRIES=40           #
#                          -DNWK_MAX_BINDING_ENTRIES=4                        #
#                          -DMAX_BINDING_CLUSTER_IDS=4 "-DDEFAULT_KEY={0x01,  #
#                          0x03, 0x05, 0x07, 0x09, 0x0B, 0x0D, 0x0F, 0x00,    #
#                          0x02, 0x04, 0x06, 0x08, 0x0A, 0x0C, 0x0D}"         #
#                          -DMAC_MAX_FRAME_SIZE=116 "-DCONST=const __code"    #
#                          -DGENERIC=__generic -DRFD_RCVC_ALWAYS_ON=FALSE     #
#                          -DPOLL_RATE=1000 -DQUEUED_POLL_RATE=100            #
#                          -DRESPONSE_POLL_RATE=100) -DREJOIN_POLL_RATE=440   #
#                          "F:\Download\µÚ5ÕÂ zigbeeĞ­ÒéÕ»Ó¦ÓÃÓë×éÍø\3.»ùÓÚGe #
#                          nericAppÎŞÏßÊÕ·¢ÊµÑé\Projects\zstack\Samples\Gener #
#                          icApp\Source\uart.c" -D ZIGBEEPRO -D ZTOOL_P1 -D   #
#                          MT_TASK -D MT_SYS_FUNC -D MT_ZDO_FUNC -D           #
#                          LCD_SUPPORTED=DEBUG -lC "F:\Download\µÚ5ÕÂ         #
#                          zigbeeĞ­ÒéÕ»Ó¦ÓÃÓë×éÍø\3.»ùÓÚGenericAppÎŞÏßÊÕ·¢ÊµÑ #
#                          é\Projects\zstack\Samples\GenericApp\CC2530DB\Coor #
#                          dinatorEB-Pro\List\" -lA "F:\Download\µÚ5ÕÂ        #
#                          zigbeeĞ­ÒéÕ»Ó¦ÓÃÓë×éÍø\3.»ùÓÚGenericAppÎŞÏßÊÕ·¢ÊµÑ #
#                          é\Projects\zstack\Samples\GenericApp\CC2530DB\Coor #
#                          dinatorEB-Pro\List\" --diag_suppress Pe001,Pa010   #
#                          -o "F:\Download\µÚ5ÕÂ zigbeeĞ­ÒéÕ»Ó¦ÓÃÓë×éÍø\3.»ùÓ #
#                          ÚGenericAppÎŞÏßÊÕ·¢ÊµÑé\Projects\zstack\Samples\Ge #
#                          nericApp\CC2530DB\CoordinatorEB-Pro\Obj\" -e       #
#                          --debug --core=plain --dptr=16,1                   #
#                          --data_model=large --code_model=banked             #
#                          --calling_convention=xdata_reentrant               #
#                          --place_constants=data_rom --nr_virtual_regs 16    #
#                          -I "F:\Download\µÚ5ÕÂ zigbeeĞ­ÒéÕ»Ó¦ÓÃÓë×éÍø\3.»ùÓ #
#                          ÚGenericAppÎŞÏßÊÕ·¢ÊµÑé\Projects\zstack\Samples\Ge #
#                          nericApp\CC2530DB\" -I "F:\Download\µÚ5ÕÂ          #
#                          zigbeeĞ­ÒéÕ»Ó¦ÓÃÓë×éÍø\3.»ùÓÚGenericAppÎŞÏßÊÕ·¢ÊµÑ #
#                          é\Projects\zstack\Samples\GenericApp\CC2530DB\..\S #
#                          OURCE\" -I "F:\Download\µÚ5ÕÂ                      #
#                          zigbeeĞ­ÒéÕ»Ó¦ÓÃÓë×éÍø\3.»ùÓÚGenericAppÎŞÏßÊÕ·¢ÊµÑ #
#                          é\Projects\zstack\Samples\GenericApp\CC2530DB\..\. #
#                          .\..\ZMAIN\TI2530DB\" -I "F:\Download\µÚ5ÕÂ        #
#                          zigbeeĞ­ÒéÕ»Ó¦ÓÃÓë×éÍø\3.»ùÓÚGenericAppÎŞÏßÊÕ·¢ÊµÑ #
#                          é\Projects\zstack\Samples\GenericApp\CC2530DB\..\. #
#                          .\..\..\..\COMPONENTS\MT\" -I "F:\Download\µÚ5ÕÂ   #
#                          zigbeeĞ­ÒéÕ»Ó¦ÓÃÓë×éÍø\3.»ùÓÚGenericAppÎŞÏßÊÕ·¢ÊµÑ #
#                          é\Projects\zstack\Samples\GenericApp\CC2530DB\..\. #
#                          .\..\..\..\COMPONENTS\HAL\INCLUDE\" -I             #
#                          "F:\Download\µÚ5ÕÂ zigbeeĞ­ÒéÕ»Ó¦ÓÃÓë×éÍø\3.»ùÓÚGe #
#                          nericAppÎŞÏßÊÕ·¢ÊµÑé\Projects\zstack\Samples\Gener #
#                          icApp\CC2530DB\..\..\..\..\..\COMPONENTS\HAL\TARGE #
#                          T\CC2530EB\" -I "F:\Download\µÚ5ÕÂ                 #
#                          zigbeeĞ­ÒéÕ»Ó¦ÓÃÓë×éÍø\3.»ùÓÚGenericAppÎŞÏßÊÕ·¢ÊµÑ #
#                          é\Projects\zstack\Samples\GenericApp\CC2530DB\..\. #
#                          .\..\..\..\COMPONENTS\OSAL\MCU\CCSOC\" -I          #
#                          "F:\Download\µÚ5ÕÂ zigbeeĞ­ÒéÕ»Ó¦ÓÃÓë×éÍø\3.»ùÓÚGe #
#                          nericAppÎŞÏßÊÕ·¢ÊµÑé\Projects\zstack\Samples\Gener #
#                          icApp\CC2530DB\..\..\..\..\..\COMPONENTS\OSAL\INCL #
#                          UDE\" -I "F:\Download\µÚ5ÕÂ                        #
#                          zigbeeĞ­ÒéÕ»Ó¦ÓÃÓë×éÍø\3.»ùÓÚGenericAppÎŞÏßÊÕ·¢ÊµÑ #
#                          é\Projects\zstack\Samples\GenericApp\CC2530DB\..\. #
#                          .\..\..\..\COMPONENTS\STACK\AF\" -I                #
#                          "F:\Download\µÚ5ÕÂ zigbeeĞ­ÒéÕ»Ó¦ÓÃÓë×éÍø\3.»ùÓÚGe #
#                          nericAppÎŞÏßÊÕ·¢ÊµÑé\Projects\zstack\Samples\Gener #
#                          icApp\CC2530DB\..\..\..\..\..\COMPONENTS\STACK\NWK #
#                          \" -I "F:\Download\µÚ5ÕÂ                           #
#                          zigbeeĞ­ÒéÕ»Ó¦ÓÃÓë×éÍø\3.»ùÓÚGenericAppÎŞÏßÊÕ·¢ÊµÑ #
#                          é\Projects\zstack\Samples\GenericApp\CC2530DB\..\. #
#                          .\..\..\..\COMPONENTS\STACK\SEC\" -I               #
#                          "F:\Download\µÚ5ÕÂ zigbeeĞ­ÒéÕ»Ó¦ÓÃÓë×éÍø\3.»ùÓÚGe #
#                          nericAppÎŞÏßÊÕ·¢ÊµÑé\Projects\zstack\Samples\Gener #
#                          icApp\CC2530DB\..\..\..\..\..\COMPONENTS\STACK\SAP #
#                          I\" -I "F:\Download\µÚ5ÕÂ                          #
#                          zigbeeĞ­ÒéÕ»Ó¦ÓÃÓë×éÍø\3.»ùÓÚGenericAppÎŞÏßÊÕ·¢ÊµÑ #
#                          é\Projects\zstack\Samples\GenericApp\CC2530DB\..\. #
#                          .\..\..\..\COMPONENTS\STACK\SYS\" -I               #
#                          "F:\Download\µÚ5ÕÂ zigbeeĞ­ÒéÕ»Ó¦ÓÃÓë×éÍø\3.»ùÓÚGe #
#                          nericAppÎŞÏßÊÕ·¢ÊµÑé\Projects\zstack\Samples\Gener #
#                          icApp\CC2530DB\..\..\..\..\..\COMPONENTS\STACK\ZDO #
#                          \" -I "F:\Download\µÚ5ÕÂ                           #
#                          zigbeeĞ­ÒéÕ»Ó¦ÓÃÓë×éÍø\3.»ùÓÚGenericAppÎŞÏßÊÕ·¢ÊµÑ #
#                          é\Projects\zstack\Samples\GenericApp\CC2530DB\..\. #
#                          .\..\..\..\COMPONENTS\ZMAC\F8W\" -I                #
#                          "F:\Download\µÚ5ÕÂ zigbeeĞ­ÒéÕ»Ó¦ÓÃÓë×éÍø\3.»ùÓÚGe #
#                          nericAppÎŞÏßÊÕ·¢ÊµÑé\Projects\zstack\Samples\Gener #
#                          icApp\CC2530DB\..\..\..\..\..\COMPONENTS\ZMAC\"    #
#                          -I "F:\Download\µÚ5ÕÂ zigbeeĞ­ÒéÕ»Ó¦ÓÃÓë×éÍø\3.»ùÓ #
#                          ÚGenericAppÎŞÏßÊÕ·¢ÊµÑé\Projects\zstack\Samples\Ge #
#                          nericApp\CC2530DB\..\..\..\..\..\COMPONENTS\SERVIC #
#                          ES\SADDR\" -I "F:\Download\µÚ5ÕÂ                   #
#                          zigbeeĞ­ÒéÕ»Ó¦ÓÃÓë×éÍø\3.»ùÓÚGenericAppÎŞÏßÊÕ·¢ÊµÑ #
#                          é\Projects\zstack\Samples\GenericApp\CC2530DB\..\. #
#                          .\..\..\..\COMPONENTS\SERVICES\SDATA\" -I          #
#                          "F:\Download\µÚ5ÕÂ zigbeeĞ­ÒéÕ»Ó¦ÓÃÓë×éÍø\3.»ùÓÚGe #
#                          nericAppÎŞÏßÊÕ·¢ÊµÑé\Projects\zstack\Samples\Gener #
#                          icApp\CC2530DB\..\..\..\..\..\COMPONENTS\MAC\INCLU #
#                          DE\" -I "F:\Download\µÚ5ÕÂ                         #
#                          zigbeeĞ­ÒéÕ»Ó¦ÓÃÓë×éÍø\3.»ùÓÚGenericAppÎŞÏßÊÕ·¢ÊµÑ #
#                          é\Projects\zstack\Samples\GenericApp\CC2530DB\..\. #
#                          .\..\..\..\COMPONENTS\MAC\HIGH_LEVEL\" -I          #
#                          "F:\Download\µÚ5ÕÂ zigbeeĞ­ÒéÕ»Ó¦ÓÃÓë×éÍø\3.»ùÓÚGe #
#                          nericAppÎŞÏßÊÕ·¢ÊµÑé\Projects\zstack\Samples\Gener #
#                          icApp\CC2530DB\..\..\..\..\..\COMPONENTS\MAC\LOW_L #
#                          EVEL\srf04\" -I "F:\Download\µÚ5ÕÂ                 #
#                          zigbeeĞ­ÒéÕ»Ó¦ÓÃÓë×éÍø\3.»ùÓÚGenericAppÎŞÏßÊÕ·¢ÊµÑ #
#                          é\Projects\zstack\Samples\GenericApp\CC2530DB\..\. #
#                          .\..\..\..\COMPONENTS\MAC\LOW_LEVEL\srf04\SINGLE_C #
#                          HIP\" -Ohz --require_prototypes                    #
#    List file          =  F:\Download\µÚ5ÕÂ zigbeeĞ­ÒéÕ»Ó¦ÓÃÓë×éÍø\3.»ùÓÚGen #
#                          ericAppÎŞÏßÊÕ·¢ÊµÑé\Projects\zstack\Samples\Generi #
#                          cApp\CC2530DB\CoordinatorEB-Pro\List\uart.lst      #
#    Object file        =  F:\Download\µÚ5ÕÂ zigbeeĞ­ÒéÕ»Ó¦ÓÃÓë×éÍø\3.»ùÓÚGen #
#                          ericAppÎŞÏßÊÕ·¢ÊµÑé\Projects\zstack\Samples\Generi #
#                          cApp\CC2530DB\CoordinatorEB-Pro\Obj\uart.r51       #
#                                                                             #
#                                                                             #
###############################################################################

F:\Download\µÚ5ÕÂ zigbeeĞ­ÒéÕ»Ó¦ÓÃÓë×éÍø\3.»ùÓÚGenericAppÎŞÏßÊÕ·¢ÊµÑé\Projects\zstack\Samples\GenericApp\Source\uart.c
      1          #include "uart.h"
      2          #include "OSAL.h"
      3          #include "AF.h"
      4          #include "ZDApp.h"
      5          #include "ZDObject.h"
      6          #include "ZDProfile.h"
      7          
      8          #include "Common.h"
      9          #include "DebugTrace.h"
     10          
     11          #include "hal_uart.h"
     12          
     13          unsigned char g_uartbuf[UART_BUF_SIZE];
     14          uint16 g_uartbuf_len = 0;
     15          
     16          //tmp define
     17          uint16 dst_short_addr;
     18          uint16 src_short_addr;
     19          
     20          extern nwk_addr_t g_nwt_addr;
     21          
     22          void uart_cmd(unsigned char *buf, int len)
     23          {
     24          	uint8 cmd = 0;
     25          	uint16 short_addr = 0;
                 	       ^
Warning[Pe177]: variable "short_addr" was declared but never referenced
     26          	if(len < 0 )
     27          		return ;
     28          
     29          	cmd = buf[0];
     30          
     31          	switch(cmd)
     32          	{
     33          	case UART_CMD_SND:
     34          		GenericApp_SendTheUart(g_uartbuf+1, g_uartbuf_len-1);
     35          		break;
     36          	case UART_CMD_TSA:
     37          		g_nwt_addr.short_addr = NLME_GetShortAddr();
     38          		HalUARTWrite(UART_PORT, (unsigned char*)&g_nwt_addr.short_addr, sizeof(uint16));
     39          		break;
     40          	case UART_CMD_TEA:
     41          		g_nwt_addr.ext_addr = NLME_GetExtAddr();
     42          		HalUARTWrite(UART_PORT, g_nwt_addr.ext_addr, 64);
     43          		break;
     44          	case UART_CMD_TPSA:
     45          		g_nwt_addr.parent_short_addr = NLME_GetShortAddr();
     46          		HalUARTWrite(UART_PORT, (unsigned char*)&g_nwt_addr.parent_short_addr, sizeof(uint16));
     47          		break;
     48          	case UART_CMD_TPEA:
     49          		NLME_GetCoordExtAddr(g_nwt_addr.parent_ext_addr);
     50          		HalUARTWrite(UART_PORT, g_nwt_addr.parent_ext_addr, 64);
     51          		break;
     52          	}
     53          	
     54          	osal_memset(g_uartbuf, 0, g_uartbuf_len);
     55          	g_uartbuf_len = 0;
     56          	
     57          }
     58          
     59          
     60          void GenericApp_SendTheUart(unsigned char *buf, int len)
     61          {
     62          
     63              afAddrType_t devDstAddr;
     64              devDstAddr.addrMode=(afAddrMode_t)Addr16Bit;
     65              devDstAddr.endPoint=GENERICAPP_ENDPOINT;
     66              devDstAddr.addr.shortAddr=0xFFFF;
     67          
     68              AF_DataRequest(&devDstAddr,
     69                             &GenericApp_epDesc,
                                     ^
Error[Pe020]: identifier "GenericApp_epDesc" is undefined
     70                             GENERICAPP_CLUSTERID,
     71                             len,
     72                             buf,
     73                             &GenericApp_TransID,
                                     ^
Error[Pe020]: identifier "GenericApp_TransID" is undefined
     74                             AF_DISCV_ROUTE,
     75                             AF_DEFAULT_RADIUS);
     76          }
     77          
     78          

Errors: 2
Warnings: 1
